<html>
<body>
<pre>
<h1>µVision Build Log</h1>
<h2>Tool Versions:</h2>
IDE-Version: µVision V5.37.0.0
Copyright (C) 2022 ARM Ltd and ARM Germany GmbH. All rights reserved.
License Information: Asha Schwegler, ZHAW, LIC=----
 
Tool Versions:
Toolchain:       MDK-Lite  Version: 5.37.0.0
Toolchain Path:  C:\Keil_v5\ARM\ARMCLANG\Bin
C Compiler:      ArmClang.exe V6.18
Assembler:       Armasm.exe V6.18
Linker/Locator:  ArmLink.exe V6.18
Library Manager: ArmAr.exe V6.18
Hex Converter:   FromElf.exe V6.18
CPU DLL:         SARMCM3.DLL V5.37.0.0
Dialog DLL:      DARMCM1.DLL V1.19.6.0
Target DLL:      STLink\ST-LINKIII-KEIL_SWO.dll V3.0.9.0
Dialog DLL:      TARMCM1.DLL V1.14.6.0
 
<h2>Project:</h2>
C:\Users\ashas\ZHAW_Code\lab-CT2\lab_gpio\lab_gpio\project\gpio.uvprojx
Project File Date:  03/11/2023

<h2>Output:</h2>
*** Using Compiler 'V6.18', folder: 'C:\Keil_v5\ARM\ARMCLANG\Bin'
Rebuild target 'Target 1'
assembling startup_ctboard.s...
assembling datainit_ctboard.s...
app/main.c(34): warning: unused variable 'data_gpio_in' [-Wunused-variable]
    uint16_t data_gpio_in;              // use to read input values from gpio
             ^
app/main.c(35): warning: unused variable 'data_dip_switch' [-Wunused-variable]
    uint8_t data_dip_switch;            // use to read values from dip switches
            ^
2 warnings generated.
compiling main.c...
compiling hal_fmc.c...
compiling hal_pwr.c...
compiling system_ctboard.c...
compiling hal_gpio.c...
compiling hal_rcc.c...
compiling hal_timer.c...
linking...
Program Size: Code=6528 RO-data=444 RW-data=0 ZI-data=8192  
".\build\Lab.axf" - 0 Error(s), 2 Warning(s).

<h2>Software Packages used:</h2>

Package Vendor: InES
                https://ennis.zhaw.ch/pack/InES.CTBoard14_DFP.4.0.3.pack
                InES.CTBoard14_DFP.4.0.3
                CT Board 14 (STM32F429ZI) Device Support
   * Component: Startup Version: 4.0.3
   * Component: FMC Version: 3.0.1
   * Component: GPIO Version: 4.0.1
   * Component: PWR Version: 2.2.0
   * Component: RCC Version: 4.0.1
   * Component: TIMER Version: 4.0.1

<h2>Collection of Component include folders:</h2>
  ./RTE/_Target_1
  C:/Users/ashas/AppData/Local/Arm/Packs/InES/CTBoard14_DFP/4.0.3/Device/Include
  C:/Users/ashas/AppData/Local/Arm/Packs/InES/CTBoard14_DFP/4.0.3/Device/Include/m0
  C:/Users/ashas/AppData/Local/Arm/Packs/InES/CTBoard14_DFP/4.0.3/HAL/Include

<h2>Collection of Component Files used:</h2>

   * Component: InES::Device:Startup:4.0.3
      Include file:  Device/Include/m0/platform_ctboard.h
      Include file:  Device/Include/reg_stm32f4xx.h
      Include file:  Device/Include/reg_ctboard.h
      Include file:  Device/Include/system_ctboard.h
      Source file:   Device/Source/system_ctboard.c
      Source file:   Device/Source/datainit_ctboard.s
      Source file:   Device/Source/startup_ctboard.s

   * Component: InES::HAL:FMC:3.0.1
      Include file:  HAL/Include/hal_fmc.h
      Source file:   HAL/Source/hal_fmc.c
      Include file:  HAL/Include/hal_common.h
      Include file:  Device/Include/reg_stm32f4xx.h

   * Component: InES::HAL:GPIO:4.0.1
      Source file:   HAL/Source/hal_gpio.c
      Include file:  HAL/Include/hal_gpio.h
      Include file:  HAL/Include/hal_common.h
      Include file:  Device/Include/reg_stm32f4xx.h

   * Component: InES::HAL:PWR:2.2.0
      Include file:  HAL/Include/hal_common.h
      Include file:  Device/Include/reg_stm32f4xx.h
      Include file:  HAL/Include/hal_pwr.h
      Source file:   HAL/Source/hal_pwr.c

   * Component: InES::HAL:RCC:4.0.1
      Include file:  Device/Include/reg_stm32f4xx.h
      Source file:   HAL/Source/hal_rcc.c
      Include file:  HAL/Include/hal_common.h
      Include file:  HAL/Include/hal_rcc.h

   * Component: InES::HAL:TIMER:4.0.1
      Include file:  HAL/Include/hal_timer.h
      Include file:  HAL/Include/hal_common.h
      Include file:  Device/Include/reg_stm32f4xx.h
      Source file:   HAL/Source/hal_timer.c
Build Time Elapsed:  00:00:00
</pre>
</body>
</html>
