<html>
<body>
<pre>
<h1>µVision Build Log</h1>
<h2>Tool Versions:</h2>
IDE-Version: µVision V5.37.0.0
Copyright (C) 2022 ARM Ltd and ARM Germany GmbH. All rights reserved.
License Information: Phil K, ZHAW, LIC=----
 
Tool Versions:
Toolchain:       MDK-Lite  Version: 5.37.0.0
Toolchain Path:  C:\Keil_v5\ARM\ARMCLANG\Bin
C Compiler:      ArmClang.exe V6.18
Assembler:       Armasm.exe V6.18
Linker/Locator:  ArmLink.exe V6.18
Library Manager: ArmAr.exe V6.18
Hex Converter:   FromElf.exe V6.18
CPU DLL:         SARMCM3.DLL V5.37.0.0
Dialog DLL:      DARMCM1.DLL V1.19.6.0
Target DLL:      STLink\ST-LINKIII-KEIL_SWO.dll V3.0.9.0
Dialog DLL:      TARMCM1.DLL V1.14.6.0
 
<h2>Project:</h2>
C:\Users\Phil\OneDrive - ZHAW\Dokumente\CT2\06_lab_timer_pwm\project\Lab.uvprojx
Project File Date:  04/01/2023

<h2>Output:</h2>
*** Using Compiler 'V6.18', folder: 'C:\Keil_v5\ARM\ARMCLANG\Bin'
Rebuild target 'Target 1'
assembling datainit_ctboard.s...
app/main.c(52): warning: unused variable 'cycle_counter_4bit' [-Wunused-variable]
static uint16_t cycle_counter_4bit = 0;
                ^
1 warning generated.
compiling main.c...
assembling startup_ctboard.s...
app/timer.c(94): warning: binary integer literals are a GNU extension [-Wgnu-binary-literal]
                TIM3->CCMR1 &= ~(0b111 << 4);
                                 ^
app/timer.c(94): warning: implicit conversion changes signedness: 'int' to 'unsigned int' [-Wsign-conversion]
                TIM3->CCMR1 &= ~(0b111 << 4);
                            ~~ ^~~~~~~~~~~~~
app/timer.c(95): warning: binary integer literals are a GNU extension [-Wgnu-binary-literal]
                TIM3->CCMR1 |= 0b110 << 4;
                               ^
app/timer.c(96): warning: binary integer literals are a GNU extension [-Wgnu-binary-literal]
                TIM3->CCMR1 &= ~(0b111 << 12);
                                 ^
app/timer.c(96): warning: implicit conversion changes signedness: 'int' to 'unsigned int' [-Wsign-conversion]
                TIM3->CCMR1 &= ~(0b111 << 12);
                            ~~ ^~~~~~~~~~~~~~
app/timer.c(97): warning: binary integer literals are a GNU extension [-Wgnu-binary-literal]
                TIM3->CCMR1 |= 0b110 << 12;
                               ^
app/timer.c(98): warning: binary integer literals are a GNU extension [-Wgnu-binary-literal]
                TIM3->CCMR2 &= ~(0b111 << 4);
                                 ^
app/timer.c(98): warning: implicit conversion changes signedness: 'int' to 'unsigned int' [-Wsign-conversion]
                TIM3->CCMR2 &= ~(0b111 << 4);
                            ~~ ^~~~~~~~~~~~~
app/timer.c(99): warning: binary integer literals are a GNU extension [-Wgnu-binary-literal]
                TIM3->CCMR2 |= 0b110 << 4;
                               ^
9 warnings generated.
compiling timer.c...
compiling hal_rcc.c...
compiling hal_pwr.c...
compiling hal_fmc.c...
compiling system_ctboard.c...
compiling hal_gpio.c...
linking...
Program Size: Code=6816 RO-data=444 RW-data=0 ZI-data=8192  
".\build\Lab.axf" - 0 Error(s), 10 Warning(s).

<h2>Software Packages used:</h2>

Package Vendor: InES
                https://ennis.zhaw.ch/pack/InES.CTBoard14_DFP.4.0.3.pack
                InES.CTBoard14_DFP.4.0.3
                CT Board 14 (STM32F429ZI) Device Support
   * Component: Startup Version: 4.0.3
   * Component: FMC Version: 3.0.1
   * Component: GPIO Version: 4.0.1
   * Component: PWR Version: 2.2.0
   * Component: RCC Version: 4.0.1

<h2>Collection of Component include folders:</h2>
  ./RTE/_Target_1
  C:/Users/Phil/AppData/Local/Arm/Packs/InES/CTBoard14_DFP/4.0.3/Device/Include
  C:/Users/Phil/AppData/Local/Arm/Packs/InES/CTBoard14_DFP/4.0.3/Device/Include/m0
  C:/Users/Phil/AppData/Local/Arm/Packs/InES/CTBoard14_DFP/4.0.3/HAL/Include

<h2>Collection of Component Files used:</h2>

   * Component: InES::Device:Startup:4.0.3
      Include file:  Device/Include/reg_ctboard.h
      Include file:  Device/Include/reg_stm32f4xx.h
      Source file:   Device/Source/startup_ctboard.s
      Source file:   Device/Source/datainit_ctboard.s
      Include file:  Device/Include/m0/platform_ctboard.h
      Source file:   Device/Source/system_ctboard.c
      Include file:  Device/Include/system_ctboard.h

   * Component: InES::HAL:FMC:3.0.1
      Source file:   HAL/Source/hal_fmc.c
      Include file:  HAL/Include/hal_common.h
      Include file:  Device/Include/reg_stm32f4xx.h
      Include file:  HAL/Include/hal_fmc.h

   * Component: InES::HAL:GPIO:4.0.1
      Include file:  HAL/Include/hal_common.h
      Include file:  Device/Include/reg_stm32f4xx.h
      Include file:  HAL/Include/hal_gpio.h
      Source file:   HAL/Source/hal_gpio.c

   * Component: InES::HAL:PWR:2.2.0
      Source file:   HAL/Source/hal_pwr.c
      Include file:  HAL/Include/hal_common.h
      Include file:  HAL/Include/hal_pwr.h
      Include file:  Device/Include/reg_stm32f4xx.h

   * Component: InES::HAL:RCC:4.0.1
      Include file:  HAL/Include/hal_rcc.h
      Include file:  HAL/Include/hal_common.h
      Include file:  Device/Include/reg_stm32f4xx.h
      Source file:   HAL/Source/hal_rcc.c
Build Time Elapsed:  00:00:01
</pre>
</body>
</html>
